<!DOCTYPE html>
<html lang="en">
<head>
  <meta charset="utf-8">
<!-- b.cpp -->
  <title>&lt;Bar&gt; - A header | RelatesOrdering</title>
</head>
<body>
<div class="sidebar">
<div class="toc">
<h3 id="toc">Contents</h3>
</div>
<div class="sidebar-content" id="sidebar-content"></div></div>
<h1 class="title" translate="no">&lt;Bar&gt; - A header</h1>
<div class="table"><table class="alignedsummary requisites" translate="no">
<tr><td class="memItemLeft rightAlign topAlign"> Header:</td><td class="memItemRight bottomAlign"> <code translate="no">#include &lt;Bar&gt;</code></td></tr>
</table></div>
<h2 id="types">Types</h2>
<div class="table"><table class="alignedsummary" translate="no">
<tr><td class="memItemLeft rightAlign topAlign"> </td><td class="memItemRight bottomAlign"><b><a href="bar.html#foo-typedef" translate="no">foo</a></b></td></tr>
</table></div>
<!-- $$$<Bar>-description -->
<div class="descr">
<h2 id="details">Detailed Description</h2>
</div>
<!-- @@@<Bar> -->
<div class="types">
<h2>Type Documentation</h2>
<!-- $$$foo -->
<h3 class="fn" translate="no" id="foo-typedef"><code class="details extra" translate="no">[alias]</code> <span class="name">foo</span></h3>
<p>Related to a header file whose source might be parsed later.</p>
<!-- @@@foo -->
</div>
</body>
</html>
