<!DOCTYPE html>
<html lang="en">
<head>
  <meta charset="utf-8">
<!-- space.cpp -->
  <meta name="description" content="A namespace...in space.">
  <title>Space Namespace | UsingDirective</title>
</head>
<body>
<div class="sidebar">
<div class="toc">
<h3 id="toc">Contents</h3>
<ul>
<li class="level1"><a href="#functions">Functions</a></li>
<li class="level1"><a href="#details">Detailed Description</a></li>
</ul>
</div>
<div class="sidebar-content" id="sidebar-content"></div></div>
<h1 class="title" translate="no">Space Namespace</h1>
<!-- $$$Space-brief -->
<p>A namespace...in space. <a href="#details">More...</a></p>
<!-- @@@Space -->
<div class="table"><table class="alignedsummary requisites" translate="no">
<tr><td class="memItemLeft rightAlign topAlign"> Header:</td><td class="memItemRight bottomAlign"> <code translate="no">#include &lt;Space&gt;</code></td></tr>
</table></div>
<h2 id="functions">Functions</h2>
<div class="table"><table class="alignedsummary" translate="no">
<tr><td class="memItemLeft rightAlign topAlign"> void </td><td class="memItemRight bottomAlign"><b><a href="space.html#spaceFun" translate="no">spaceFun</a></b>(Space::spacename <i>space</i>)</td></tr>
</table></div>
<!-- $$$Space-description -->
<div class="descr">
<h2 id="details">Detailed Description</h2>
</div>
<!-- @@@Space -->
<div class="func">
<h2>Function Documentation</h2>
<!-- $$$spaceFun[overload1]$$$spaceFunSpace::spacename -->
<h3 class="fn" translate="no" id="spaceFun"><span class="type">void</span> <span class="name">spaceFun</span>(<span class="type">Space::spacename</span> <i>space</i>)</h3>
<p>A <i translate="no">space</i> function.</p>
<!-- @@@spaceFun -->
</div>
</body>
</html>
