<!DOCTYPE html>
<html lang="en">
<head>
  <meta charset="utf-8">
<!-- trailing_backslashes.cpp -->
  <title>Struct Struct | TrailingBackslashes</title>
</head>
<body>
<li>Struct</li>
<div class="sidebar">
<div class="toc">
<h3 id="toc">Contents</h3>
<ul>
<li class="level1"><a href="#public-functions">Public Functions</a></li>
<li class="level1"><a href="#details">Detailed Description</a></li>
</ul>
</div>
<div class="sidebar-content" id="sidebar-content"></div></div>
<h1 class="title" translate="no">Struct Struct</h1>
<div class="table"><table class="alignedsummary requisites" translate="no">
<tr><td class="memItemLeft rightAlign topAlign"> Header:</td><td class="memItemRight bottomAlign"> <code translate="no">#include &lt;Struct&gt;</code></td></tr>
</table></div>
<ul>
<li><a href="struct-members.html">List of all members, including inherited members</a></li>
</ul>
<h2 id="public-functions">Public Functions</h2>
<div class="table"><table class="alignedsummary" translate="no">
<tr><td class="memItemLeft rightAlign topAlign"> void </td><td class="memItemRight bottomAlign"><b><a href="struct.html#MultipleTrailingSlashes" translate="no">MultipleTrailingSlashes</a></b>()</td></tr>
<tr><td class="memItemLeft rightAlign topAlign"> void </td><td class="memItemRight bottomAlign"><b><a href="struct.html#multipleTrailingSlashesAndRandomWhitespace" translate="no">multipleTrailingSlashesAndRandomWhitespace</a></b>()</td></tr>
<tr><td class="memItemLeft rightAlign topAlign"> void </td><td class="memItemRight bottomAlign"><b><a href="struct.html#oneTrailingSlash" translate="no">oneTrailingSlash</a></b>()</td></tr>
</table></div>
<!-- $$$Struct-description -->
<div class="descr">
<h2 id="details">Detailed Description</h2>
</div>
<!-- @@@Struct -->
<div class="func">
<h2>Member Function Documentation</h2>
<!-- $$$MultipleTrailingSlashes[overload1]$$$MultipleTrailingSlashes -->
<h3 class="fn" translate="no" id="MultipleTrailingSlashes"><span class="type">void</span> Struct::<span class="name">MultipleTrailingSlashes</span>()</h3>
<p><b>See also </b><a href="struct.html#oneTrailingSlash" translate="no">one slash</a>.</p>
<!-- @@@MultipleTrailingSlashes -->
<!-- $$$multipleTrailingSlashesAndRandomWhitespace[overload1]$$$multipleTrailingSlashesAndRandomWhitespace -->
<h3 class="fn" translate="no" id="multipleTrailingSlashesAndRandomWhitespace"><span class="type">void</span> Struct::<span class="name">multipleTrailingSlashesAndRandomWhitespace</span>()</h3>
<p><b>See also </b><a href="struct.html#MultipleTrailingSlashes" translate="no">two slashes here</a>.</p>
<!-- @@@multipleTrailingSlashesAndRandomWhitespace -->
<!-- $$$oneTrailingSlash[overload1]$$$oneTrailingSlash -->
<h3 class="fn" translate="no" id="oneTrailingSlash"><span class="type">void</span> Struct::<span class="name">oneTrailingSlash</span>()</h3>
<p><b>See also </b><a href="struct.html#multipleTrailingSlashesAndRandomWhitespace" translate="no">two slashes again</a>.</p>
<!-- @@@oneTrailingSlash -->
</div>
</body>
</html>
