<!DOCTYPE html>
<html lang="en">
<head>
  <meta charset="utf-8">
<!-- main.cpp -->
  <title>First Struct | TestModule</title>
</head>
<body>
<li>First</li>
<div class="sidebar">
<div class="toc">
<h3 id="toc">Contents</h3>
<ul>
<li class="level1"><a href="#public-types">Public Types</a></li>
<li class="level1"><a href="#details">Detailed Description</a></li>
</ul>
</div>
<div class="sidebar-content" id="sidebar-content"></div></div>
<h1 class="title" translate="no">First Struct</h1>
<div class="table"><table class="alignedsummary requisites" translate="no">
<tr><td class="memItemLeft rightAlign topAlign"> Header:</td><td class="memItemRight bottomAlign"> <code translate="no">#include &lt;First&gt;</code></td></tr>
</table></div>
<ul>
<li><a href="first-members.html">List of all members, including inherited members</a></li>
</ul>
<h2 id="public-types">Public Types</h2>
<div class="table"><table class="alignedsummary" translate="no">
<tr><td class="memItemLeft rightAlign topAlign"> class </td><td class="memItemRight bottomAlign"><b><a href="first-nested.html" translate="no">Nested</a></b></td></tr>
</table></div>
<!-- $$$First-description -->
<div class="descr">
<h2 id="details">Detailed Description</h2>
<p>This is a first class</p>
</div>
<!-- @@@First -->
</body>
</html>
