<!DOCTYPE html>
<html lang="en">
<head>
  <meta charset="utf-8">
<!-- main.cpp -->
  <title>Third Class | TestModule</title>
</head>
<body>
<li>Third</li>
<div class="sidebar">
<div class="toc">
<h3 id="toc">Contents</h3>
<ul>
<li class="level1"><a href="#details">Detailed Description</a></li>
</ul>
</div>
<div class="sidebar-content" id="sidebar-content"></div></div>
<h1 class="title" translate="no">Third Class</h1>
<div class="table"><table class="alignedsummary requisites" translate="no">
<tr><td class="memItemLeft rightAlign topAlign"> Header:</td><td class="memItemRight bottomAlign"> <code translate="no">#include &lt;Third&gt;</code></td></tr>
</table></div>
<!-- $$$Third-description -->
<div class="descr">
<h2 id="details">Detailed Description</h2>
<p>This is a third class</p>
</div>
<!-- @@@Third -->
</body>
</html>
