<!DOCTYPE html>
<html lang="en">
<head>
  <meta charset="utf-8">
<!-- cppcar.cpp -->
  <meta name="description" content="A test class with an inventive name.">
  <title>CppCar Class | QML nativetype synopsis test</title>
</head>
<body>
<li>CppCar</li>
<div class="sidebar">
<div class="toc">
<h3 id="toc">Contents</h3>
<ul>
<li class="level1"><a href="#details">Detailed Description</a></li>
</ul>
</div>
<div class="sidebar-content" id="sidebar-content"></div></div>
<h1 class="title" translate="no">CppCar Class</h1>
<!-- $$$CppCar-brief -->
<p>A test class with an inventive name. <a href="#details">More...</a></p>
<!-- @@@CppCar -->
<div class="table"><table class="alignedsummary requisites" translate="no">
<tr><td class="memItemLeft rightAlign topAlign"> Header:</td><td class="memItemRight bottomAlign"> <code translate="no">#include &lt;CppCar&gt;</code></td></tr>
<tr><td class="memItemLeft rightAlign topAlign"> In QML:</td><td class="memItemRight bottomAlign"> <a href="qml-qmlnativetypesynopsis-car.html" translate="no">Car</a> and <a href="qml-qmlnativetypesynopsis-truck.html" translate="no">Truck</a></td></tr>
</table></div>
<!-- $$$CppCar-description -->
<div class="descr">
<h2 id="details">Detailed Description</h2>
</div>
<!-- @@@CppCar -->
</body>
</html>
