<!DOCTYPE html>
<html lang="en">
<head>
  <meta charset="utf-8">
<!-- cppcar.cpp -->
  <meta name="description" content="A big car.">
  <title>Truck QML Type | QML nativetype synopsis test</title>
</head>
<body>
<li>Truck</li>
<div class="sidebar">
<div class="toc">
<h3 id="toc">Contents</h3>
<ul>
<li class="level1"><a href="#details">Detailed Description</a></li>
<li class="level2"><a href="#properties">Properties</a></li>
<li class="level2"><a href="#signals">Signals</a></li>
<li class="level2"><a href="#methods">Methods</a></li>
</ul>
</div>
<div class="sidebar-content" id="sidebar-content"></div></div>
<h1 class="title" translate="no">Truck QML Type</h1>
<!-- $$$Truck-brief -->
<p>A big car. <a href="#details">More...</a></p>
<!-- @@@Truck -->
<div class="table"><table class="alignedsummary requisites" translate="no">
<tr><td class="memItemLeft rightAlign topAlign"> Import Statement:</td><td class="memItemRight bottomAlign"> <code translate="no">import QmlNativeTypeSynopsis</code></td></tr>
<tr><td class="memItemLeft rightAlign topAlign"> Since:</td><td class="memItemRight bottomAlign"> Qt 6.8</td></tr>
<tr><td class="memItemLeft rightAlign topAlign"> In C++:</td><td class="memItemRight bottomAlign"> <a href="cppcar.html" translate="no">CppCar</a></td></tr>
</table></div>
<ul>
<li><a href="qml-qmlnativetypesynopsis-truck-members.html">List of all members, including inherited members</a></li>
</ul>
<!-- $$$Truck-description -->
<h2 id="details">Detailed Description</h2>
<h2 id="properties">Properties</h2>
<ul>
<li><code translate="no">color</code> The color of the big car.</li>
</ul>
<h2 id="signals">Signals</h2>
<ul>
<li><code translate="no">engineStarted()</code> Emitted when the big engine is started, along with more emissions than from a <a href="qml-qmlnativetypesynopsis-car.html" translate="no">Car</a>.</li>
</ul>
<h2 id="methods">Methods</h2>
<ul>
<li><code translate="no">startEngine()</code> Starts the big engine.</li>
</ul>
<!-- @@@Truck -->
</body>
</html>
