<!DOCTYPE html>
<html lang="en">
<head>
  <meta charset="utf-8">
<!-- testcpp.cpp -->
  <meta name="description" content="A class in a namespace.">
  <title>List of All Members for Test | TestTemplate</title>
</head>
<body>
<li><a href="testcpp-module.html" translate="no">C++ Classes</a></li>
<li>Test</li>
<div class="sidebar"><div class="sidebar-content" id="sidebar-content"></div></div>
<h1 class="title" translate="no">List of All Members for Test</h1>
<p>This is the complete list of members for <a href="testqdoc-test.html">TestQDoc::Test</a>, including inherited members.</p>
<ul>
<li class="fn" translate="no">struct <span class="name"><b><a href="testqdoc-test-struct.html" translate="no">Struct</a></b></span></li>
<li class="fn" translate="no"><span class="name"><b><a href="testqdoc-test.html#SomeType-typedef" translate="no">SomeType</a></b></span></li>
<li class="fn" translate="no"><span class="name"><b><a href="testqdoc-test.html#Specialized-typedef" translate="no">Specialized</a></b></span></li>
<li class="fn" translate="no"><span class="name"><b><a href="testqdoc-test.html#funcPtr" translate="no">funcPtr</a></b></span>(bool, const char *) : void (*)(bool)</li>
<li class="fn" translate="no"><span class="name"><b><a href="testqdoc-test.html#funcTemplate" translate="no">funcTemplate</a></b></span>(T1, T2)</li>
<li class="fn" translate="no"><span class="name"><b><a href="testqdoc-test.html#inlineFunction" translate="no">inlineFunction</a></b></span>()</li>
<li class="fn" translate="no"><span class="name"><b><a href="testqdoc-test.html#methodWithEmDashInItsDocs" translate="no">methodWithEmDashInItsDocs</a></b></span>()</li>
<li class="fn" translate="no"><span class="name"><b><a href="testqdoc-test.html#methodWithEnDashInItsDocs" translate="no">methodWithEnDashInItsDocs</a></b></span>()</li>
<li class="fn" translate="no"><span class="name"><b><a href="testqdoc-test.html#overload" translate="no">overload</a></b></span>()</li>
<li class="fn" translate="no"><span class="name"><b><a href="testqdoc-test.html#overload-1" translate="no">overload</a></b></span>(bool)</li>
<li class="fn" translate="no"><span class="name"><b><a href="testqdoc-test.html#someFunction" translate="no">someFunction</a></b></span>(int, int) : int</li>
<li class="fn" translate="no"><span class="name"><b><a href="testqdoc-test.html#someFunctionDefaultArg" translate="no">someFunctionDefaultArg</a></b></span>(int, bool) const</li>
<li class="fn" translate="no"><span class="name"><b><a href="testqdoc-test.html#virtualFun" translate="no">virtualFun</a></b></span>()</li>
</ul>
</body>
</html>
