<!DOCTYPE html>
<html lang="en">
<head>
  <meta charset="utf-8">
<!-- testcpp.cpp -->
  <meta name="description" content="Type alias that has its own reference.">
  <title>Vec Class | TestTemplate</title>
</head>
<body>
<li><a href="testcpp-module.html" translate="no">C++ Classes</a></li>
<li>Vec</li>
<div class="sidebar">
<div class="toc">
<h3 id="toc">Contents</h3>
<ul>
<li class="level1"><a href="#details">Detailed Description</a></li>
</ul>
</div>
<div class="sidebar-content" id="sidebar-content"></div></div>
<h1 class="title" translate="no">Vec Class</h1>
<span class="small-subtitle" translate="no">template &lt;typename T&gt; class <a href="testqdoc.html" translate="no">TestQDoc</a>::Vec</span>
<!-- $$$Vec-brief -->
<p>Type alias that has its own reference. <a href="#details">More...</a></p>
<!-- @@@Vec -->
<div class="table"><table class="alignedsummary requisites" translate="no">
<tr><td class="memItemLeft rightAlign topAlign"> Header:</td><td class="memItemRight bottomAlign"> <code translate="no">#include &lt;Vec&gt;</code></td></tr>
<tr><td class="memItemLeft rightAlign topAlign"> CMake:</td><td class="memItemRight bottomAlign"> <code translate="no">find_package(Qt6 REQUIRED COMPONENTS QDocTest)</code><br/>
<code translate="no">target_link_libraries(mytarget PRIVATE Qt6::QDocTest)</code></td></tr>
<tr><td class="memItemLeft rightAlign topAlign"> qmake:</td><td class="memItemRight bottomAlign"> <code translate="no">QT += testcpp</code></td></tr>
<tr><td class="memItemLeft rightAlign topAlign"> Since:</td><td class="memItemRight bottomAlign"> Qt 2.0</td></tr>
</table></div>
<!-- $$$Vec-description -->
<div class="descr">
<h2 id="details">Detailed Description</h2>
</div>
<!-- @@@Vec -->
</body>
</html>
