<!DOCTYPE html>
<html lang="en">
<head>
  <meta charset="utf-8">
<!-- classlists.qdoc -->
  <title>Test C++ Types | TestCPP</title>
</head>
<body>
<div class="sidebar"><div class="sidebar-content" id="sidebar-content"></div></div>
<h1 class="title">Test C++ Types</h1>
<!-- $$$cpptypes-description -->
<div class="descr" id="details">
<ul>
<li translate="no"><a href="testqdoc-test.html">TestQDoc::Test</a></li>
<li translate="no"><a href="testqdoc-test.html#QDOCTEST_MACRO2">TestQDoc::Test::QDOCTEST_MACRO2</a></li>
<li translate="no"><a href="testqdoc-test.html#someFunctionDefaultArg">TestQDoc::Test::someFunctionDefaultArg()</a></li>
</ul>
</div>
<!-- @@@cpptypes -->
<div class="table"><table class="annotated">
<tr class="odd topAlign"><td class="tblName" translate="no"><p><a href="testqdoc-test.html">TestQDoc::Test</a></p></td><td class="tblDescr"><p>A class in a namespace</p></td></tr>
</table></div>
</body>
</html>
