<!DOCTYPE html>
<html lang="en">
<head>
  <meta charset="utf-8">
<!-- testcpp.cpp -->
  <meta name="description" content="A class in a namespace, derived from Test.">
  <title>List of All Members for TestDerived | TestCPP</title>
</head>
<body>
<li><a href="testcpp-module.html" translate="no">C++ Classes</a></li>
<li>TestDerived</li>
<div class="sidebar"><div class="sidebar-content" id="sidebar-content"></div></div>
<h1 class="title" translate="no">List of All Members for TestDerived</h1>
<p>This is the complete list of members for <a href="testqdoc-testderived.html">TestQDoc::TestDerived</a>, including inherited members.</p>
<div class="table"><table class="propsummary" translate="no">
<tr><td class="topAlign"><ul>
<li class="fn" translate="no">enum <span class="name"><b><a href="testqdoc-test.html#ClassicEnum-enum" translate="no">ClassicEnum</a></b></span></li>
<li class="fn" translate="no"><span class="name"><b><a href="testqdoc-testderived.html#DerivedType-typedef" translate="no">DerivedType</a></b></span></li>
<li class="fn" translate="no"><span class="name"><b><a href="testqdoc-testderived.html#NotTypedef-typedef" translate="no">NotTypedef</a></b></span></li>
<li class="fn" translate="no">enum class <span class="name"><b><a href="testqdoc-test.html#ScopedEnum-enum" translate="no">ScopedEnum</a></b></span></li>
<li class="fn" translate="no"><span class="name"><b><a href="testqdoc-test.html#SomeType-typedef" translate="no">SomeType</a></b></span></li>
<li class="fn" translate="no"><span class="name"><b><a href="testqdoc-test.html#funcPtr" translate="no">funcPtr</a></b></span>(bool, const char *) : void (*)(bool)</li>
<li class="fn" translate="no"><span class="name"><b><a href="testqdoc-test.html#inlineFunction" translate="no">inlineFunction</a></b></span>()</li>
<li class="fn" translate="no"><span class="name"><b><a href="testqdoc-test.html#methodWithEmDashInItsDocs" translate="no">methodWithEmDashInItsDocs</a></b></span>()</li>
</ul></td><td class="topAlign"><ul>
<li class="fn" translate="no"><span class="name"><b><a href="testqdoc-test.html#methodWithEnDashInItsDocs" translate="no">methodWithEnDashInItsDocs</a></b></span>()</li>
<li class="fn" translate="no"><span class="name"><b><a href="testqdoc-test.html#overload" translate="no">overload</a></b></span>()</li>
<li class="fn" translate="no"><span class="name"><b><a href="testqdoc-test.html#overload-1" translate="no">overload</a></b></span>(bool)</li>
<li class="fn" translate="no"><span class="name"><b><a href="testqdoc-test.html#someFunction" translate="no">someFunction</a></b></span>(int, int) : int</li>
<li class="fn" translate="no"><span class="name"><b><a href="testqdoc-test.html#someFunctionDefaultArg" translate="no">someFunctionDefaultArg</a></b></span>(int, bool) const</li>
<li class="fn" translate="no"><span class="name"><b><a href="testqdoc-testderived.html#someValue" translate="no">someValue</a></b></span>() : TestQDoc::TestDerived::NotTypedef</li>
<li class="fn" translate="no"><span class="name"><b><a href="testqdoc-testderived.html#virtualFun" translate="no">virtualFun</a></b></span>()</li>
<li class="fn" translate="no"><span class="name"><b><a href="testqdoc-test.html#virtualFun" translate="no">virtualFun</a></b></span>()</li>
</ul>
</td></tr>
</table></div>
</body>
</html>
