<!DOCTYPE html>
<html lang="en">
<head>
  <meta charset="utf-8">
<!-- testcpp.cpp -->
  <meta name="description" content="A test module page.">
  <title>QDoc Test C++ Classes | TestCPP</title>
</head>
<body>
<div class="sidebar">
<div class="toc">
<h3 id="toc">Contents</h3>
<ul>
<li class="level1"><a href="#namespaces">Namespaces</a></li>
<li class="level1"><a href="#classes">Classes</a></li>
<li class="level1"><a href="#details">Detailed Description</a></li>
<li class="level2"><a href="#linking-to-function-like-things">Linking to function-like things</a></li>
<li class="level3"><a href="#section">section()</a></li>
</ul>
</div>
<div class="sidebar-content" id="sidebar-content"></div></div>
<h1 class="title" translate="no">QDoc Test C++ Classes</h1>
<!-- $$$TestCPP-brief -->
<p>A test module page. <a href="#details">More...</a></p>
<!-- @@@TestCPP -->
<p>This module was introduced in Qt 2.0.</p>
<h2 id="namespaces">Namespaces</h2>
<div class="table"><table class="annotated">
<tr class="odd topAlign"><td class="tblName" translate="no"><p><a href="crossmoduleref.html">CrossModuleRef</a></p></td><td class="tblDescr"><p>Namespace that has documented functions in multiple modules</p></td></tr>
<tr class="even topAlign"><td class="tblName" translate="no"><p><a href="testqdoc.html">TestQDoc</a></p></td><td class="tblDescr"><p>A namespace</p></td></tr>
</table></div>
<h2 id="classes">Classes</h2>
<div class="table"><table class="annotated">
<tr class="odd topAlign"><td class="tblName" translate="no"><p><a href="testqdoc-test.html">TestQDoc::Test</a></p></td><td class="tblDescr"><p>A class in a namespace</p></td></tr>
<tr class="even topAlign"><td class="tblName" translate="no"><p><a href="testqdoc-testderived.html">TestQDoc::TestDerived</a></p></td><td class="tblDescr"><p>A class in a namespace, derived from Test</p></td></tr>
</table></div>
<!-- $$$TestCPP-description -->
<div class="descr">
<h2 id="details">Detailed Description</h2>
<div class="admonition note">
<p><b>Note: </b>This is just a test. /* Look, Ma! {I'm made of arguments!} */</p>
</div>
<h3 id="linking-to-function-like-things">Linking to function-like things</h3>
<ul>
<li><a href="testqdoc-test.html#someFunctionDefaultArg" translate="no">someFunctionDefaultArg</a>()</li>
<li><a href="testqdoc-test.html#QDOCTEST_MACRO2" translate="no">QDOCTEST_MACRO2</a>()</li>
<li><a href="testqdoc-test.html#QDOCTEST_MACRO2" translate="no">QDOCTEST_MACRO2</a>(int &amp;x)</li>
<li><a href="testcpp-module.html#section" translate="no">section()</a></li>
<li><a href="testcpp-module.html#section" translate="no">section() is a section title</a></li>
</ul>
<h4 id="section">section()</h4>
</div>
<!-- @@@TestCPP -->
</body>
</html>
