<?xml version="1.0" encoding="UTF-8"?>
<db:article xmlns:db="http://docbook.org/ns/docbook" xmlns:xlink="http://www.w3.org/1999/xlink" version="5.2" xml:lang="en">
<db:info>
<db:title>Assorted lists</db:title>
<db:productname>CustomSortedLists</db:productname>
<db:titleabbrev>CustomSortedLists Reference Documentation</db:titleabbrev>
<db:abstract>
<db:para>CustomSortedLists Reference Documentation.</db:para></db:abstract>
</db:info>
<db:section xml:id="generatelist">
<db:title>\generatelist</db:title>
<db:itemizedlist role="list">
<db:listitem>
<db:para><db:link xlink:href="d.xml" xlink:role="page">First!</db:link></db:para>
</db:listitem>
<db:listitem>
<db:para><db:link xlink:href="c.xml" xlink:role="page">Second!</db:link></db:para>
</db:listitem>
<db:listitem>
<db:para><db:link xlink:href="a.xml" xlink:role="page">A</db:link></db:para>
</db:listitem>
<db:listitem>
<db:para><db:link xlink:href="b.xml" xlink:role="page">B</db:link></db:para>
</db:listitem>
</db:itemizedlist>
<db:section xml:id="descending">
<db:title>descending</db:title>
<db:itemizedlist role="list">
<db:listitem>
<db:para><db:link xlink:href="b.xml" xlink:role="page">B</db:link></db:para>
</db:listitem>
<db:listitem>
<db:para><db:link xlink:href="a.xml" xlink:role="page">A</db:link></db:para>
</db:listitem>
<db:listitem>
<db:para><db:link xlink:href="c.xml" xlink:role="page">Second!</db:link></db:para>
</db:listitem>
<db:listitem>
<db:para><db:link xlink:href="d.xml" xlink:role="page">First!</db:link></db:para>
</db:listitem>
</db:itemizedlist>
</db:section>
</db:section>
<db:section xml:id="annotatedlist">
<db:title>\annotatedlist</db:title>
<db:variablelist role="list">
<db:varlistentry>
<db:term><db:link xlink:href="d.xml" xlink:role="page">First!</db:link></db:term>
<db:listitem>
<db:para>sort key: A</db:para>
</db:listitem>
</db:varlistentry>
<db:varlistentry>
<db:term><db:link xlink:href="c.xml" xlink:role="page">Second!</db:link></db:term>
<db:listitem>
<db:para>sort key: B</db:para>
</db:listitem>
</db:varlistentry>
<db:varlistentry>
<db:term><db:link xlink:href="a.xml" xlink:role="page">A</db:link></db:term>
<db:listitem>
<db:para>A</db:para>
</db:listitem>
</db:varlistentry>
<db:varlistentry>
<db:term><db:link xlink:href="b.xml" xlink:role="page">B</db:link></db:term>
<db:listitem>
<db:para>B</db:para>
</db:listitem>
</db:varlistentry>
</db:variablelist>
<db:section xml:id="annotatedlist-descending-3">
<db:title>descending</db:title>
<db:variablelist role="list">
<db:varlistentry>
<db:term><db:link xlink:href="b.xml" xlink:role="page">B</db:link></db:term>
<db:listitem>
<db:para>B</db:para>
</db:listitem>
</db:varlistentry>
<db:varlistentry>
<db:term><db:link xlink:href="a.xml" xlink:role="page">A</db:link></db:term>
<db:listitem>
<db:para>A</db:para>
</db:listitem>
</db:varlistentry>
<db:varlistentry>
<db:term><db:link xlink:href="c.xml" xlink:role="page">Second!</db:link></db:term>
<db:listitem>
<db:para>sort key: B</db:para>
</db:listitem>
</db:varlistentry>
<db:varlistentry>
<db:term><db:link xlink:href="d.xml" xlink:role="page">First!</db:link></db:term>
<db:listitem>
<db:para>sort key: A</db:para>
</db:listitem>
</db:varlistentry>
</db:variablelist>
</db:section>
</db:section>
</db:article>
