<!DOCTYPE html>
<html lang="en">
<head>
  <meta charset="utf-8">
<!-- test.cpp -->
  <title>Namespace Namespace | ModifiedOutputFilenames</title>
</head>
<body>
<div class="sidebar">
<div class="toc">
<h3 id="toc">Contents</h3>
<ul>
<li class="level1"><a href="#classes">Classes</a></li>
<li class="level1"><a href="#details">Detailed Description</a></li>
</ul>
</div>
<div class="sidebar-content" id="sidebar-content"></div></div>
<h1 class="title" translate="no">Namespace Namespace</h1>
<div class="table"><table class="alignedsummary requisites" translate="no">
<tr><td class="memItemLeft rightAlign topAlign"> Header:</td><td class="memItemRight bottomAlign"> <code translate="no">#include &lt;Namespace&gt;</code></td></tr>
</table></div>
<h2 id="classes">Classes</h2>
<div class="table"><table class="alignedsummary" translate="no">
<tr><td class="memItemLeft rightAlign topAlign"> class </td><td class="memItemRight bottomAlign"><b><a href="prefix-namespace-class-suffix.html" translate="no">Class</a></b></td></tr>
</table></div>
<!-- $$$Namespace-description -->
<div class="descr">
<h2 id="details">Detailed Description</h2>
</div>
<!-- @@@Namespace -->
<div class="classes">
<h2>Classes</h2>
<h3> class <a href="prefix-namespace-class-suffix.html">Class</a></h3></div>
</body>
</html>
