<!DOCTYPE html>
<html lang="en">
<head>
  <meta charset="utf-8">
<!-- test.cpp -->
  <title>Type QML Type | ModifiedOutputFilenames</title>
</head>
<body>
<li>Type</li>
<div class="sidebar">
<div class="toc">
<h3 id="toc">Contents</h3>
<ul>
<li class="level1"><a href="#details">Detailed Description</a></li>
</ul>
</div>
<div class="sidebar-content" id="sidebar-content"></div></div>
<h1 class="title" translate="no">Type QML Type</h1>
<div class="table"><table class="alignedsummary requisites" translate="no">
<tr><td class="memItemLeft rightAlign topAlign"> Import Statement:</td><td class="memItemRight bottomAlign"> <code translate="no">import QmlModule</code></td></tr>
</table></div>
<ul>
<li><a href="qml-qmlmodule-suffix-type-members.html">List of all members, including inherited members</a></li>
</ul>
<!-- $$$Type-description -->
<h2 id="details">Detailed Description</h2>
<!-- @@@Type -->
</body>
</html>
