<!DOCTYPE html>
<html lang="en">
<head>
  <meta charset="utf-8">
<!-- class.cpp -->
  <title>Class Class | QmlEnumValuesFromCpp</title>
</head>
<body>
<li>Class</li>
<div class="sidebar">
<div class="toc">
<h3 id="toc">Contents</h3>
<ul>
<li class="level1"><a href="#public-types">Public Types</a></li>
<li class="level1"><a href="#details">Detailed Description</a></li>
</ul>
</div>
<div class="sidebar-content" id="sidebar-content"></div></div>
<h1 class="title" translate="no">Class Class</h1>
<div class="table"><table class="alignedsummary requisites" translate="no">
<tr><td class="memItemLeft rightAlign topAlign"> Header:</td><td class="memItemRight bottomAlign"> <code translate="no">#include &lt;Class&gt;</code></td></tr>
</table></div>
<ul>
<li><a href="class-members.html">List of all members, including inherited members</a></li>
</ul>
<h2 id="public-types">Public Types</h2>
<div class="table"><table class="alignedsummary" translate="no">
<tr><td class="memItemLeft rightAlign topAlign"> enum class </td><td class="memItemRight bottomAlign"><b><a href="class.html#MoreValues-enum" translate="no">MoreValues</a></b> { Something, Else }</td></tr>
<tr><td class="memItemLeft rightAlign topAlign"> enum </td><td class="memItemRight bottomAlign"><b><a href="class.html#Values-enum" translate="no">Values</a></b> { One, Two, Three }</td></tr>
</table></div>
<!-- $$$Class-description -->
<div class="descr">
<h2 id="details">Detailed Description</h2>
</div>
<!-- @@@Class -->
<div class="types">
<h2>Member Type Documentation</h2>
<!-- $$$MoreValues$$$Something$$$Else -->
<h3 class="fn" translate="no" id="MoreValues-enum">enum class Class::<span class="name">MoreValues</span></h3>
<div class="table"><table class="valuelist"><tr valign="top" class="odd"><th class="tblConst">Constant</th><th class="tblval">Value</th><th class="tbldscr">Description</th></tr>
<tr><td class="topAlign"><code translate="no">Class::MoreValues::Something</code></td><td class="topAlign tblval"><code translate="no">0</code></td><td class="topAlign">something</td></tr>
<tr><td class="topAlign"><code translate="no">Class::MoreValues::Else</code></td><td class="topAlign tblval"><code translate="no">1</code></td><td class="topAlign">entirely</td></tr>
</table></div>
<!-- @@@MoreValues -->
<!-- $$$Values$$$One$$$Two$$$Three -->
<h3 class="fn" translate="no" id="Values-enum">enum Class::<span class="name">Values</span></h3>
<p>Try now these exciting values in your C++ code:</p>
<div class="table"><table class="valuelist"><tr valign="top" class="odd"><th class="tblConst">Constant</th><th class="tblval">Value</th><th class="tbldscr">Description</th></tr>
<tr><td class="topAlign"><code translate="no">Class::One</code></td><td class="topAlign tblval"><code translate="no">0</code></td><td class="topAlign">One value</td></tr>
</table></div>
<p>Wait, that's not all!</p>
<div class="table"><table class="valuelist"><tr valign="top" class="even"><th class="tblConst">Constant</th><th class="tblval">Value</th><th class="tbldscr">Description</th></tr>
<tr><td class="topAlign"><code translate="no">Class::Two</code></td><td class="topAlign tblval"><code translate="no">1</code></td><td class="topAlign">2nd value</td></tr>
<tr><td class="topAlign"><code translate="no">Class::Three</code></td><td class="topAlign tblval"><code translate="no">2</code></td><td class="topAlign">3rd value</td></tr>
</table></div>
<!-- @@@Values -->
</div>
</body>
</html>
