<!DOCTYPE html>
<html lang="en">
<head>
  <meta charset="utf-8">
<!-- global.qdoc -->
  <title>Globals Class | TestGlobals</title>
</head>
<body>
<li>Globals</li>
<div class="sidebar">
<div class="toc">
<h3 id="toc">Contents</h3>
<ul>
<li class="level1"><a href="#related-non-members">Related Non-Members</a></li>
<li class="level1"><a href="#details">Detailed Description</a></li>
</ul>
</div>
<div class="sidebar-content" id="sidebar-content"></div></div>
<h1 class="title" translate="no">Globals Class</h1>
<div class="table"><table class="alignedsummary requisites" translate="no">
<tr><td class="memItemLeft rightAlign topAlign"> Header:</td><td class="memItemRight bottomAlign"> <code translate="no">#include &lt;Globals&gt;</code></td></tr>
</table></div>
<h2 id="related-non-members">Related Non-Members</h2>
<div class="table"><table class="alignedsummary" translate="no">
<tr><td class="memItemLeft rightAlign topAlign"> int </td><td class="memItemRight bottomAlign"><b><a href="globals.html#foo" translate="no">foo</a></b>(int <i>a</i>)</td></tr>
<tr><td class="memItemLeft rightAlign topAlign"> int </td><td class="memItemRight bottomAlign"><b><a href="globals.html#foo-1" translate="no">foo</a></b>(int <i>a</i>, bool <i>b</i>)</td></tr>
</table></div>
<!-- $$$Globals-description -->
<div class="descr">
<h2 id="details">Detailed Description</h2>
</div>
<!-- @@@Globals -->
<div class="relnonmem">
<h2>Related Non-Members</h2>
<!-- $$$foo[overload1]$$$fooint -->
<h3 class="fn" translate="no" id="foo"><span class="type">int</span> <span class="name">foo</span>(<span class="type">int</span> <i>a</i>)</h3>
<p>Params: <i translate="no">a</i></p>
<!-- @@@foo -->
<!-- $$$foo$$$foointbool -->
<h3 class="fn" translate="no" id="foo-1"><span class="type">int</span> <span class="name">foo</span>(<span class="type">int</span> <i>a</i>, <span class="type">bool</span> <i>b</i>)</h3>
<p>Params: <i translate="no">b</i>, <i translate="no">b</i></p>
<!-- @@@foo -->
</div>
</body>
</html>
