<!DOCTYPE html>
<html lang="en">
<head>
  <meta charset="utf-8">
<!-- includefromparent.qdoc -->
  <meta name="description" content="Abstract base QML type.">
  <title>AbstractParent QML Type | Test</title>
</head>
<body>
<li><a href="qdoc-test-qmlmodule.html" translate="no">Types</a></li>
<li>AbstractParent</li>
<div class="sidebar">
<div class="toc">
<h3 id="toc">Contents</h3>
<ul>
<li class="level1"><a href="#properties">Properties</a></li>
<li class="level1"><a href="#methods">Methods</a></li>
<li class="level1"><a href="#details">Detailed Description</a></li>
</ul>
</div>
<div class="sidebar-content" id="sidebar-content"></div></div>
<h1 class="title" translate="no">AbstractParent QML Type</h1>
<!-- $$$AbstractParent-brief -->
<p>Abstract base QML type. <a href="#details">More...</a></p>
<!-- @@@AbstractParent -->
<div class="table"><table class="alignedsummary requisites" translate="no">
<tr><td class="memItemLeft rightAlign topAlign"> Import Statement:</td><td class="memItemRight bottomAlign"> <code translate="no">import QDoc.Test 1.1</code></td></tr>
<tr><td class="memItemLeft rightAlign topAlign"> Since:</td><td class="memItemRight bottomAlign"> Qt 1.1</td></tr>
<tr><td class="memItemLeft rightAlign topAlign"> Inherited By:</td><td class="memItemRight bottomAlign"> <p><a href="qml-qdoc-test-child.html" translate="no">Child</a></p>
</td></tr>
</table></div>
<ul>
<li><a href="qml-qdoc-test-abstractparent-members.html">List of all members, including inherited members</a></li>
</ul>
<h2 id="properties">Properties</h2>
<ul>
<li class="fn" translate="no"><b><a href="qml-qdoc-test-abstractparent.html#children-prop" translate="no">children</a></b> : list&lt;Child&gt;</li>
</ul>
<h2 id="methods">Methods</h2>
<ul>
<li class="fn" translate="no">void <b><a href="qml-qdoc-test-abstractparent.html#rear-method" translate="no">rear</a></b>(Child <i>child</i>)</li>
</ul>
<!-- $$$AbstractParent-description -->
<h2 id="details">Detailed Description</h2>
<p>Test include file that is part of the sourcedirs.</p>
<!-- @@@AbstractParent -->
<h2>Property Documentation</h2>
<!-- $$$children -->
<div class="qmlitem"><div class="qmlproto" translate="no">
<div class="table"><table class="qmlname">
<tr valign="top" class="odd" id="children-prop">
<td class="tblQmlPropNode"><p>
<span class="name">children</span> : <span class="type">list</span>&lt;<span class="type"><a href="qml-qdoc-test-child.html" translate="no">Child</a></span>&gt; <code class="details extra" translate="no">[default]</code></p></td></tr>
</table></div></div>
<div class="qmldoc"><p>Children of the type.</p>
<p>Test include file that is part of the sourcedirs.</p>
</div></div><!-- @@@children -->
<br/>
<h2>Method Documentation</h2>
<!-- $$$rear[overload1]$$$rearChild -->
<div class="qmlitem"><div class="qmlproto" translate="no">
<div class="table"><table class="qmlname">
<tr valign="top" class="odd" id="rear-method">
<td class="tblQmlFuncNode"><p>
<span class="type">void</span> <span class="name">rear</span>(<span class="type"><a href="qml-qdoc-test-child.html" translate="no">Child</a></span> <i>child</i>)</p></td></tr>
</table></div></div>
<div class="qmldoc"><p>Do some abstract parenting on <i translate="no">child</i>.</p>
<p>Test include file that is part of the sourcedirs.</p>
</div></div><!-- @@@rear -->
<br/>
</body>
</html>
