<!DOCTYPE html>
<html lang="en">
<head>
  <meta charset="utf-8">
<!-- classes_with_various_ordering.cpp -->
  <title>ComparesStronglyWithThreeClassesAcrossMultipleLines Class | cxx20</title>
</head>
<body>
<li>ComparesStronglyWithThreeClassesAcrossMultipleLines</li>
<div class="sidebar">
<div class="toc">
<h3 id="toc">Contents</h3>
<ul>
<li class="level1"><a href="#details">Detailed Description</a></li>
</ul>
</div>
<div class="sidebar-content" id="sidebar-content"></div></div>
<h1 class="title" translate="no">ComparesStronglyWithThreeClassesAcrossMultipleLines Class</h1>
<div class="table"><table class="alignedsummary requisites" translate="no">
<tr><td class="memItemLeft rightAlign topAlign"> Header:</td><td class="memItemRight bottomAlign"> <code translate="no">#include &lt;ComparesStronglyWithThreeClassesAcrossMultipleLines&gt;</code></td></tr>
</table></div>
<p>This class is <b>strongly comparable</b> with <a href="foo.html" translate="no">Foo</a>, <a href="bar.html" translate="no">Bar</a>, and <a href="baz.html" translate="no">Baz</a>.</p>
<!-- $$$ComparesStronglyWithThreeClassesAcrossMultipleLines-description -->
<div class="descr">
<h2 id="details">Detailed Description</h2>
</div>
<!-- @@@ComparesStronglyWithThreeClassesAcrossMultipleLines -->
</body>
</html>
