<!DOCTYPE html>
<html lang="en">
<head>
  <meta charset="utf-8">
<!-- test.cpp -->
  <title>SharedCommentsInNamespace</title>
</head>
<body>
<div class="sidebar">
<div class="toc">
<h3 id="toc">Contents</h3>
<ul>
<li class="level1"><a href="#details">Detailed Description</a></li>
</ul>
</div>
<div class="sidebar-content" id="sidebar-content"></div></div>
<h2 id="namespaces">Namespaces</h2>
<div class="table"><table class="annotated">
<tr class="odd topAlign"><td class="tblName" translate="no"><p><a href="test.html">Test</a></p></td></tr>
</table></div>
<!-- $$$Mod-description -->
<div class="descr" id="details">
</div>
<!-- @@@Mod -->
</body>
</html>
