<!DOCTYPE html>
<html lang="en">
<head>
  <meta charset="utf-8">
<!-- test.qdoc -->
  <meta name="description" content="A">
  <title>A | CustomSortedLists</title>
</head>
<body>
<div class="sidebar"><div class="sidebar-content" id="sidebar-content"></div></div>
<h1 class="title">A</h1>
<!-- $$$a.html-description -->
<div class="descr" id="details">
</div>
<!-- @@@a.html -->
</body>
</html>
