<!DOCTYPE html>
<html lang="en">
<head>
  <meta charset="utf-8">
<!-- test.qdoc -->
  <meta name="description" content="sort key: B">
  <title>Second! | CustomSortedLists</title>
</head>
<body>
<div class="sidebar"><div class="sidebar-content" id="sidebar-content"></div></div>
<h1 class="title">Second!</h1>
<!-- $$$c.html-description -->
<div class="descr" id="details">
</div>
<!-- @@@c.html -->
</body>
</html>
