<!DOCTYPE html>
<html lang="en">
<head>
  <meta charset="utf-8">
<!-- test.qdoc -->
  <meta name="description" content="sort key: A">
  <title>First! | CustomSortedLists</title>
</head>
<body>
<div class="sidebar"><div class="sidebar-content" id="sidebar-content"></div></div>
<h1 class="title">First!</h1>
<!-- $$$d.html-description -->
<div class="descr" id="details">
</div>
<!-- @@@d.html -->
</body>
</html>
