<!DOCTYPE html>
<html lang="en">
<head>
  <meta charset="utf-8">
<!-- test.qdoc -->
  <title>Assorted lists | CustomSortedLists</title>
</head>
<body>
<div class="sidebar">
<div class="toc">
<h3 id="toc">Contents</h3>
<ul>
<li class="level1"><a href="#generatelist">\generatelist</a></li>
<li class="level2"><a href="#descending">descending</a></li>
<li class="level1"><a href="#annotatedlist">\annotatedlist</a></li>
<li class="level2"><a href="#annotatedlist-descending-3">descending</a></li>
</ul>
</div>
<div class="sidebar-content" id="sidebar-content"></div></div>
<h1 class="title">Assorted lists</h1>
<!-- $$$lists.html-description -->
<div class="descr" id="details">
<h2 id="generatelist">\generatelist</h2>
<ul>
<li translate="no"><a href="d.html">First!</a></li>
<li translate="no"><a href="c.html">Second!</a></li>
<li translate="no"><a href="a.html">A</a></li>
<li translate="no"><a href="b.html">B</a></li>
</ul>
<h3 id="descending">descending</h3>
<ul>
<li translate="no"><a href="b.html">B</a></li>
<li translate="no"><a href="a.html">A</a></li>
<li translate="no"><a href="c.html">Second!</a></li>
<li translate="no"><a href="d.html">First!</a></li>
</ul>
<h2 id="annotatedlist">\annotatedlist</h2>
<div class="table"><table class="annotated">
<tr class="odd topAlign"><td class="tblName" translate="no"><p><a href="d.html">First!</a></p></td><td class="tblDescr"><p>sort key: A</p></td></tr>
<tr class="even topAlign"><td class="tblName" translate="no"><p><a href="c.html">Second!</a></p></td><td class="tblDescr"><p>sort key: B</p></td></tr>
<tr class="odd topAlign"><td class="tblName" translate="no"><p><a href="a.html">A</a></p></td><td class="tblDescr"><p>A</p></td></tr>
<tr class="even topAlign"><td class="tblName" translate="no"><p><a href="b.html">B</a></p></td><td class="tblDescr"><p>B</p></td></tr>
</table></div>
<h3 id="annotatedlist-descending-3">descending</h3>
<div class="table"><table class="annotated">
<tr class="odd topAlign"><td class="tblName" translate="no"><p><a href="b.html">B</a></p></td><td class="tblDescr"><p>B</p></td></tr>
<tr class="even topAlign"><td class="tblName" translate="no"><p><a href="a.html">A</a></p></td><td class="tblDescr"><p>A</p></td></tr>
<tr class="odd topAlign"><td class="tblName" translate="no"><p><a href="c.html">Second!</a></p></td><td class="tblDescr"><p>sort key: B</p></td></tr>
<tr class="even topAlign"><td class="tblName" translate="no"><p><a href="d.html">First!</a></p></td><td class="tblDescr"><p>sort key: A</p></td></tr>
</table></div>
</div>
<!-- @@@lists.html -->
</body>
</html>
