<!DOCTYPE html>
<html lang="en">
<head>
  <meta charset="utf-8">
<!-- parent.qdoc -->
  <meta name="description" content="A type inheriting from internal abstract parent.">
  <title>YetAnotherChild QML Type | Test 6.2.11</title>
</head>
<body>
<li><a href="qdoc-test-qmlmodule.html" translate="no">Types</a></li>
<li>YetAnotherChild</li>
<div class="sidebar">
<div class="toc">
<h3 id="toc">Contents</h3>
<ul>
<li class="level1"><a href="#properties">Properties</a></li>
<li class="level1"><a href="#details">Detailed Description</a></li>
</ul>
</div>
<div class="sidebar-content" id="sidebar-content"></div></div>
<h1 class="title" translate="no">YetAnotherChild QML Type</h1>
<!-- $$$YetAnotherChild-brief -->
<p>A type inheriting from internal abstract parent. <a href="#details">More...</a></p>
<!-- @@@YetAnotherChild -->
<div class="table"><table class="alignedsummary requisites" translate="no">
<tr><td class="memItemLeft rightAlign topAlign"> Import Statement:</td><td class="memItemRight bottomAlign"> <code translate="no">import QDoc.Test 1.1</code></td></tr>
<tr><td class="memItemLeft rightAlign topAlign"> Since:</td><td class="memItemRight bottomAlign"> Qt 1.1</td></tr>
</table></div>
<ul>
<li><a href="qml-qdoc-test-yetanotherchild-members.html">List of all members, including inherited members</a></li>
</ul>
<h2 id="properties">Properties</h2>
<ul>
<li class="fn" translate="no"><b><a href="qml-qdoc-test-yetanotherchild.html#prop-prop" translate="no">prop</a></b> : int</li>
</ul>
<!-- $$$YetAnotherChild-description -->
<h2 id="details">Detailed Description</h2>
<!-- @@@YetAnotherChild -->
<h2>Property Documentation</h2>
<!-- $$$prop -->
<div class="qmlitem"><div class="qmlproto" translate="no">
<div class="table"><table class="qmlname">
<tr valign="top" class="odd" id="prop-prop">
<td class="tblQmlPropNode"><p>
<span class="name">prop</span> : <span class="type"><a href="qml-int.html" translate="no">int</a></span></p></td></tr>
</table></div></div>
<div class="qmldoc"><p>Propagated to inheriting type docs.</p>
</div></div><!-- @@@prop -->
<br/>
</body>
</html>
