<!DOCTYPE html>
<html lang="en">
<head>
  <meta charset="utf-8">
<!-- parent.qdoc -->
  <meta name="description" content="Abstract base QML type.">
  <title>AbstractParent QML Type | Test 6.2.11</title>
</head>
<body>
<li><a href="qdoc-test-qmlmodule.html" translate="no">Types</a></li>
<li>AbstractParent</li>
<div class="sidebar">
<div class="toc">
<h3 id="toc">Contents</h3>
<ul>
<li class="level1"><a href="#properties">Properties</a></li>
<li class="level1"><a href="#methods">Methods</a></li>
<li class="level1"><a href="#details">Detailed Description</a></li>
</ul>
</div>
<div class="sidebar-content" id="sidebar-content"></div></div>
<h1 class="title" translate="no">AbstractParent QML Type</h1>
<!-- $$$AbstractParent-brief -->
<p>Abstract base QML type. <a href="#details">More...</a></p>
<!-- @@@AbstractParent -->
<div class="table"><table class="alignedsummary requisites" translate="no">
<tr><td class="memItemLeft rightAlign topAlign"> Import Statement:</td><td class="memItemRight bottomAlign"> <code translate="no">import QDoc.Test 1.1</code></td></tr>
<tr><td class="memItemLeft rightAlign topAlign"> Since:</td><td class="memItemRight bottomAlign"> Qt 1.1</td></tr>
<tr><td class="memItemLeft rightAlign topAlign"> Inherited By:</td><td class="memItemRight bottomAlign"> <p><a href="qml-qdoc-test-child.html" translate="no">Child</a></p>
</td></tr>
</table></div>
<ul>
<li><a href="qml-qdoc-test-abstractparent-members.html">List of all members, including inherited members</a></li>
</ul>
<h2 id="properties">Properties</h2>
<ul>
<li class="fn" translate="no"><b><a href="qml-qdoc-test-abstractparent.html#children-prop" translate="no">children</a></b> : list&lt;Child&gt;</li>
<li class="fn" translate="no"><b><a href="qml-qdoc-test-abstractparent.html#name-prop" translate="no">name</a></b> : string</li>
</ul>
<h2 id="methods">Methods</h2>
<ul>
<li class="fn" translate="no">void <b><a href="qml-qdoc-test-abstractparent.html#name-method" translate="no">name</a></b>()</li>
<li class="fn" translate="no">void <b><a href="qml-qdoc-test-abstractparent.html#name-method-1" translate="no">name</a></b>(Child <i>child</i>, <i>name</i>)</li>
<li class="fn" translate="no">void <b><a href="qml-qdoc-test-abstractparent.html#rear-method" translate="no">rear</a></b>(Child <i>child</i>, var <i>method</i>)</li>
</ul>
<!-- $$$AbstractParent-description -->
<h2 id="details">Detailed Description</h2>
<!-- @@@AbstractParent -->
<h2>Property Documentation</h2>
<!-- $$$children -->
<div class="qmlitem"><div class="qmlproto" translate="no">
<div class="table"><table class="qmlname">
<tr valign="top" class="odd" id="children-prop">
<td class="tblQmlPropNode"><p>
<span class="name">children</span> : <span class="type">list</span>&lt;<span class="type"><a href="qml-qdoc-test-child.html" translate="no">Child</a></span>&gt; <code class="details extra" translate="no">[default]</code></p></td></tr>
</table></div></div>
<div class="qmldoc"><p>Children of the type.</p>
</div></div><!-- @@@children -->
<br/>
<!-- $$$name -->
<div class="qmlitem"><div class="qmlproto" translate="no">
<div class="table"><table class="qmlname">
<tr valign="top" class="odd" id="name-prop">
<td class="tblQmlPropNode"><p>
<span class="name">name</span> : <span class="type">string</span></p></td></tr>
</table></div></div>
<div class="qmldoc"><p>Name of this parent.</p>
</div></div><!-- @@@name -->
<br/>
<h2>Method Documentation</h2>
<!-- $$$name[overload1]$$$name -->
<div class="qmlitem"><div class="qmlproto" translate="no">
<div class="table"><table class="qmlname">
<tr valign="top" class="odd" id="name-method">
<td class="tblQmlFuncNode"><p>
<span class="type">void</span> <span class="name">name</span>()</p></td></tr>
</table></div></div>
<div class="qmldoc"><p>Name all children with random names.</p>
</div></div><!-- @@@name -->
<br/>
<!-- $$$name$$$nameChild -->
<div class="qmlitem"><div class="qmlproto" translate="no">
<div class="table"><table class="qmlname">
<tr valign="top" class="odd" id="name-method-1">
<td class="tblQmlFuncNode"><p>
<span class="type">void</span> <span class="name">name</span>(<span class="type"><a href="qml-qdoc-test-child.html" translate="no">Child</a></span> <i>child</i>, <i>name</i>)</p></td></tr>
</table></div></div>
<div class="qmldoc"><p>Name a <i translate="no">child</i> using <i translate="no">name</i>.</p>
</div></div><!-- @@@name -->
<br/>
<!-- $$$rear[overload1]$$$rearChildvar -->
<div class="qmlitem"><div class="qmlproto" translate="no">
<div class="table"><table class="qmlname">
<tr valign="top" class="odd" id="rear-method">
<td class="tblQmlFuncNode"><p>
<span class="type">void</span> <span class="name">rear</span>(<span class="type"><a href="qml-qdoc-test-child.html" translate="no">Child</a></span> <i>child</i>, <span class="type">var</span> <i>method</i> = Strict)</p></td></tr>
</table></div></div>
<div class="qmldoc"><p>Do some abstract parenting on <i translate="no">child</i> using a specific <i translate="no">method</i>.</p>
</div></div><!-- @@@rear -->
<br/>
</body>
</html>
