<!DOCTYPE html>
<html lang="en">
<head>
  <meta charset="utf-8">
<!-- type.cpp -->
  <meta name="description" content="Another QML type documented in a .cpp file.">
  <title>TypeNoVersion QML Type | Test 6.2.11</title>
</head>
<body>
<li><a href="qdoc-test-qmlmodule.html" translate="no">Types</a></li>
<li><a href="test-nover-qmlmodule.html" translate="no">Test.NoVer (Tech Preview)</a></li>
<li>TypeNoVersion</li>
<div class="sidebar">
<div class="toc">
<h3 id="toc">Contents</h3>
<ul>
<li class="level1"><a href="#details">Detailed Description</a></li>
</ul>
</div>
<div class="sidebar-content" id="sidebar-content"></div></div>
<h1 class="title" translate="no">TypeNoVersion QML Type</h1>
<!-- $$$TypeNoVersion-brief -->
<p>Another QML type documented in a .cpp file. <a href="#details">More...</a></p>
<!-- @@@TypeNoVersion -->
<div class="table"><table class="alignedsummary requisites" translate="no">
<tr><td class="memItemLeft rightAlign topAlign"> Import Statement:</td><td class="memItemRight bottomAlign"> <code translate="no">import Test.NoVer</code></td></tr>
<tr><td class="memItemLeft rightAlign topAlign"> Since:</td><td class="memItemRight bottomAlign"> Qt 1.1</td></tr>
<tr><td class="memItemLeft rightAlign topAlign"> Status:</td><td class="memItemRight bottomAlign"> Tech Preview<span class="status tech-preview"></span></td></tr>
</table></div>
<ul>
<li><a href="qml-test-nover-typenoversion-members.html">List of all members, including inherited members</a></li>
</ul>
<!-- $$$TypeNoVersion-description -->
<h2 id="details">Detailed Description</h2>
<!-- @@@TypeNoVersion -->
</body>
</html>
