<!DOCTYPE html>
<html lang="en">
<head>
  <meta charset="utf-8">
<!-- parent.qdoc -->
  <meta name="description" content="An integer value type.">
  <title>int QML Value Type | Test 6.2.11</title>
</head>
<body>
<li><a href="qdoc-test-qmlmodule.html" translate="no">Types</a></li>
<li>int</li>
<div class="sidebar">
<div class="toc">
<h3 id="toc">Contents</h3>
<ul>
<li class="level1"><a href="#methods">Methods</a></li>
<li class="level1"><a href="#details">Detailed Description</a></li>
</ul>
</div>
<div class="sidebar-content" id="sidebar-content"></div></div>
<h1 class="title" translate="no">int QML Value Type</h1>
<!-- $$$int-brief -->
<p>An integer value type. <a href="#details">More...</a></p>
<!-- @@@int -->
<div class="table"><table class="alignedsummary requisites" translate="no">
<tr><td class="memItemLeft rightAlign topAlign"> Import Statement:</td><td class="memItemRight bottomAlign"> <code translate="no">import QDoc.Test 1.1</code></td></tr>
<tr><td class="memItemLeft rightAlign topAlign"> Since:</td><td class="memItemRight bottomAlign"> Qt 1.1</td></tr>
</table></div>
<h2 id="methods">Methods</h2>
<ul>
<li class="fn" translate="no">int <b><a href="qml-int.html#abs-method" translate="no">abs</a></b>()</li>
</ul>
<!-- $$$int-description -->
<h2 id="details">Detailed Description</h2>
<!-- @@@int -->
<h2>Method Documentation</h2>
<!-- $$$abs[overload1]$$$abs -->
<div class="qmlitem"><div class="qmlproto" translate="no">
<div class="table"><table class="qmlname">
<tr valign="top" class="odd" id="abs-method">
<td class="tblQmlFuncNode"><p>
<span class="type"><a href="qml-int.html" translate="no">int</a></span> <span class="name">abs</span>()</p></td></tr>
</table></div></div>
<div class="qmldoc"><p>Returns the absolute value of this integer.</p>
</div></div><!-- @@@abs -->
<br/>
</body>
</html>
