<!DOCTYPE html>
<html lang="en">
<head>
  <meta charset="utf-8">
<!-- testcpp.cpp -->
  <meta name="description" content="A class in a namespace, derived from Test.">
  <title>List of All Members for TestDerived | Test 6.2.11</title>
</head>
<body>
<li><a href="testcpp-module.html" translate="no">C++ Classes</a></li>
<li>TestDerived</li>
<div class="sidebar"><div class="sidebar-content" id="sidebar-content"></div></div>
<h1 class="title" translate="no">List of All Members for TestDerived</h1>
<p>This is the complete list of members for <a href="testqdoc-testderived.html">TestQDoc::TestDerived</a>, including inherited members.</p>
<div class="table"><table class="propsummary" translate="no">
<tr><td class="topAlign"><ul>
<li class="fn" translate="no"><span class="name"><b><a href="testqdoc-testderived.html#DerivedType-typedef" translate="no">DerivedType</a></b></span></li>
<li class="fn" translate="no"><span class="name"><b><a href="testqdoc-testderived.html#NotTypedef-typedef" translate="no">NotTypedef</a></b></span></li>
<li class="fn" translate="no"><span class="name"><b><a href="testqdoc-test.html#SomeType-typedef" translate="no">SomeType</a></b></span></li>
<li class="fn" translate="no"><span class="name"><b><a href="testqdoc-testderived.html#bindableProp-prop" translate="no">bindableProp</a></b></span>() : QBindable&lt;QString&gt;</li>
<li class="fn" translate="no"><span class="name"><b><a href="testqdoc-testderived.html#bindableProp-prop" translate="no">bindablePropChanged</a></b></span>()</li>
<li class="fn" translate="no"><span class="name"><b><a href="testqdoc-testderived.html#boolProp-prop" translate="no">boolProp</a></b></span>() : bool</li>
<li class="fn" translate="no"><span class="name"><b><a href="testqdoc-testderived.html#boolProp-prop" translate="no">boolPropChanged</a></b></span>()</li>
<li class="fn" translate="no"><span class="name"><b><a href="testqdoc-testderived.html#emitSomething" translate="no">emitSomething</a></b></span>()</li>
<li class="fn" translate="no"><span class="name"><b><a href="testqdoc-test.html#funcPtr" translate="no">funcPtr</a></b></span>(bool, const char *) : void (*)(bool)</li>
<li class="fn" translate="no"><span class="name"><b><a href="testqdoc-testderived.html#intProp-prop" translate="no">getInt</a></b></span>() : int *</li>
<li class="fn" translate="no"><span class="name"><b><a href="testqdoc-testderived.html#id" translate="no">id</a></b></span>() : int</li>
<li class="fn" translate="no"><span class="name"><b><a href="testqdoc-test.html#inlineFunction" translate="no">inlineFunction</a></b></span>()</li>
<li class="fn" translate="no"><span class="name"><b><a href="testqdoc-testderived.html#invokeMe" translate="no">invokeMe</a></b></span>() const</li>
<li class="fn" translate="no"><span class="name"><b><a href="testqdoc-test.html#methodWithEmDashInItsDocs" translate="no">methodWithEmDashInItsDocs</a></b></span>()</li>
<li class="fn" translate="no"><span class="name"><b><a href="testqdoc-test.html#methodWithEnDashInItsDocs" translate="no">methodWithEnDashInItsDocs</a></b></span>()</li>
</ul></td><td class="topAlign"><ul>
<li class="fn" translate="no"><span class="name"><b><a href="testqdoc-testderived.html#name-prop" translate="no">name</a></b></span>() const : const QString *</li>
<li class="fn" translate="no"><span class="name"><b><a href="testqdoc-test.html#overload" translate="no">overload</a></b></span>()</li>
<li class="fn" translate="no"><span class="name"><b><a href="testqdoc-test.html#overload-1" translate="no">overload</a></b></span>(bool)</li>
<li class="fn" translate="no"><span class="name"><b><a href="testqdoc-testderived.html#boolProp-prop" translate="no">resetBoolProp</a></b></span>()</li>
<li class="fn" translate="no"><span class="name"><b><a href="testqdoc-testderived.html#secondBoolProp-prop" translate="no">secondBoolProp</a></b></span>() : bool</li>
<li class="fn" translate="no"><span class="name"><b><a href="testqdoc-testderived.html#bindableProp-prop" translate="no">setBindableProp</a></b></span>(const QString &amp;)</li>
<li class="fn" translate="no"><span class="name"><b><a href="testqdoc-testderived.html#boolProp-prop" translate="no">setBoolProp</a></b></span>(bool)</li>
<li class="fn" translate="no"><span class="name"><b><a href="testqdoc-test.html#someFunction" translate="no">someFunction</a></b></span>(int, int) : int</li>
<li class="fn" translate="no"><span class="name"><b><a href="testqdoc-test.html#someFunctionDefaultArg" translate="no">someFunctionDefaultArg</a></b></span>(int, bool) const</li>
<li class="fn" translate="no"><span class="name"><b><a href="testqdoc-testderived.html#someProp-prop" translate="no">someProp</a></b></span>() : const QString &amp;</li>
<li class="fn" translate="no"><span class="name"><b><a href="testqdoc-testderived.html#someValue" translate="no">someValue</a></b></span>() : TestQDoc::TestDerived::NotTypedef</li>
<li class="fn" translate="no"><span class="name"><b><a href="testqdoc-testderived.html#virtualFun" translate="no">virtualFun</a></b></span>()</li>
<li class="fn" translate="no"><span class="name"><b><a href="testqdoc-test.html#virtualFun" translate="no">virtualFun</a></b></span>()</li>
<li class="fn" translate="no"><span class="name"><b><a href="testqdoc-test.html#operator-eq" translate="no">operator=</a></b></span>(TestQDoc::Test &amp;&amp;) : TestQDoc::Test &amp;</li>
</ul>
</td></tr>
</table></div>
</body>
</html>
