<!DOCTYPE html>
<html lang="en">
<head>
  <meta charset="utf-8">
<!-- testtype.cpp -->
  <meta name="description" content="A class inheriting another class that lives in an external doc module.">
  <title>TestType Class | CrossModule</title>
</head>
<body>
<li>TestType</li>
<div class="sidebar">
<div class="toc">
<h3 id="toc">Contents</h3>
<ul>
<li class="level1"><a href="#public-functions">Public Functions</a></li>
<li class="level1"><a href="#details">Detailed Description</a></li>
<li class="level2"><a href="#linking">Linking</a></li>
<li class="level2"><a href="#generated-lists">Generated Lists</a></li>
</ul>
</div>
<div class="sidebar-content" id="sidebar-content"></div></div>
<h1 class="title" translate="no">TestType Class</h1>
<!-- $$$TestType-brief -->
<p>A class inheriting another class that lives in an external doc module. <a href="#details">More...</a></p>
<!-- @@@TestType -->
<div class="table"><table class="alignedsummary requisites" translate="no">
<tr><td class="memItemLeft rightAlign topAlign"> Header:</td><td class="memItemRight bottomAlign"> <code translate="no">#include &lt;TestType&gt;</code></td></tr>
<tr><td class="memItemLeft rightAlign topAlign"> Inherits:</td><td class="memItemRight bottomAlign"> <a href="testqdoc-testderived.html" translate="no">TestQDoc::TestDerived</a></td></tr>
</table></div>
<ul>
<li><a href="testtype-members.html">List of all members, including inherited members</a></li>
</ul>
<h2 id="public-functions">Public Functions</h2>
<div class="table"><table class="alignedsummary" translate="no">
<tr><td class="memItemLeft rightAlign topAlign"> void </td><td class="memItemRight bottomAlign"><b><a href="testtype.html#nothing" translate="no">nothing</a></b>()</td></tr>
</table></div>
<!-- $$$TestType-description -->
<div class="descr">
<h2 id="details">Detailed Description</h2>
<h3 id="linking">Linking</h3>
<p>These links go to the parent class:</p>
<ul>
<li><a href="testqdoc-testderived.html" translate="no">TestQDoc::TestDerived</a></li>
<li><a href="testqdoc-test.html" translate="no">Test</a> class <a href="testqdoc.html#usage" translate="no">Usage</a>.</li>
<li><a href="testqdoc.html#QDOCTEST_MACRO" translate="no">QDOCTEST_MACRO</a></li>
<li>DontLinkToMe</li>
</ul>
<h3 id="generated-lists">Generated Lists</h3>
<p>This is an annotated list of entries in a group: <div class="table"><table class="annotated">
<tr class="odd topAlign"><td class="tblName" translate="no"><p><a href="testqdoc-test.html">TestQDoc::Test</a></p></td><td class="tblDescr"><p>A class in a namespace</p></td></tr>
<tr class="even topAlign"><td class="tblName" translate="no"><p><a href="testqdoc-test.html#QDOCTEST_MACRO2">TestQDoc::Test::QDOCTEST_MACRO2</a></p></td><td class="tblDescr"><p>A macro with argument x</p></td></tr>
<tr class="odd topAlign"><td class="tblName" translate="no"><p><a href="testqdoc-test.html#operator-eq">TestQDoc::Test::operator=()</a></p></td></tr>
<tr class="even topAlign"><td class="tblName" translate="no"><p><a href="testqdoc-test.html#someFunctionDefaultArg">TestQDoc::Test::someFunctionDefaultArg()</a></p></td></tr>
</table></div>
</p>
</div>
<p><b>See also </b><a href="testqdoc-test.html#someFunction" translate="no">someFunction</a>().</p>
<!-- @@@TestType -->
<div class="func">
<h2>Member Function Documentation</h2>
<!-- $$$nothing[overload1]$$$nothing -->
<h3 class="fn" translate="no" id="nothing"><span class="type">void</span> TestType::<span class="name">nothing</span>()</h3>
<p>Nothing to see here.</p>
<!-- @@@nothing -->
</div>
</body>
</html>
