<!DOCTYPE html>
<html lang="en">
<head>
  <meta charset="utf-8">
<!-- numbers.cpp -->
  <meta name="description" content="The QDocTests namespace contains classes for testing QDoc.">
  <title>QDocTests Namespace | auto as return type</title>
</head>
<body>
<div class="sidebar">
<div class="toc">
<h3 id="toc">Contents</h3>
<ul>
<li class="level1"><a href="#classes">Classes</a></li>
<li class="level1"><a href="#details">Detailed Description</a></li>
</ul>
</div>
<div class="sidebar-content" id="sidebar-content"></div></div>
<h1 class="title" translate="no">QDocTests Namespace</h1>
<!-- $$$QDocTests-brief -->
<p>The QDocTests namespace contains classes for testing QDoc. <a href="#details">More...</a></p>
<!-- @@@QDocTests -->
<div class="table"><table class="alignedsummary requisites" translate="no">
<tr><td class="memItemLeft rightAlign topAlign"> Header:</td><td class="memItemRight bottomAlign"> <code translate="no">#include &lt;QDocTests&gt;</code></td></tr>
</table></div>
<h2 id="classes">Classes</h2>
<div class="table"><table class="alignedsummary" translate="no">
<tr><td class="memItemLeft rightAlign topAlign"> class </td><td class="memItemRight bottomAlign"><b><a href="qdoctests-numbers.html" translate="no">Numbers</a></b></td></tr>
</table></div>
<!-- $$$QDocTests-description -->
<div class="descr">
<h2 id="details">Detailed Description</h2>
</div>
<!-- @@@QDocTests -->
<div class="classes">
<h2>Classes</h2>
<h3> class <a href="qdoctests-numbers.html">Numbers</a></h3><!-- $$$Numbers-brief -->
<p>The Numbers class provides functions for manipulating numbers. <a href="qdoctests-numbers.html#details">More...</a></p>
<!-- @@@Numbers -->
</div>
</body>
</html>
